
Wed Nov 08                                                                                                                                                                                     page    1
                                                                                                CLIENTS

CNO    NAME                 CITY               PINCODE STATE               BALDUE                                                                                                                       
------ -------------------- --------------- ---------- --------------- ----------                                                                                                                       
C01    Nimmy                Cochin              680324 Kerala               14000                                                                                                                       
C02    Susan                Cochin              680324 Kerala                   0                                                                                                                       
C03    Anjana               Delhi               680345 TamilNadu             5000                                                                                                                       
C04    Sneha                Pune                680223 Maharashtra            500                                                                                                                       
C05    Annet                Gandipuram          680321 Karnataka             7600                                                                                                                       
C06    Ann                  Bombay              682111 Maharashtra           2055                                                                                                                       

















                                                                                                  END

6 rows selected.

